[www.braflix.video/index.html]
[backblue.gif]
[fade.gif]
[index.html]
[www.braflix.video/favicon.ico]
[i.ibb.co/SdPHBWN/braflix-seo.png]
[www.braflix.video/manifest.json]
[www.braflix.video/_next/static/css/547ff7c8c4535078.css]
[www.braflix.video/_next/static/css/c6225fb8fee84285.css]
[www.braflix.video/_next/static/chunks/polyfills-c67a75d1b6f99dc8.js]
[www.braflix.video/_next/static/chunks/8183.03833c324cd18234.js]
[www.braflix.video/_next/static/chunks/webpack-22f1db99a629739a.js]
[www.braflix.video/_next/static/chunks/framework-3236775a9ca336a2.js]
[www.braflix.video/_next/static/chunks/main-57b13a07212e9e95.js]
[www.braflix.video/_next/static/chunks/pages/_app-0ca959f3e14504ec.js]
[www.braflix.video/_next/static/chunks/1664-1afe3397652d55b5.js]
[www.braflix.video/_next/static/chunks/1168-0828f2ccdf30af8f.js]
[www.braflix.video/_next/static/chunks/5640-56d81000ee60b1d2.js]
[www.braflix.video/_next/static/chunks/771-43e600bc65a42753.js]
[www.braflix.video/_next/static/chunks/1876-aa147fa519f7643e.js]
[www.braflix.video/_next/static/chunks/6970-ed3b58089a9e251c.js]
[www.braflix.video/_next/static/chunks/7715-b1544b548de55853.js]
[www.braflix.video/_next/static/chunks/719-55970f9400005160.js]
[www.braflix.video/_next/static/chunks/8458-4ce3db2ae0dad631.js]
[www.braflix.video/_next/static/chunks/3673-d8cd6a11264eaa11.js]
[www.braflix.video/_next/static/chunks/pages/index-ca05b558a0e507eb.js]
[www.braflix.video/_next/static/KN1hYcHrJSoZu5rrnrvWu/_buildManifest.js]
[www.braflix.video/_next/static/KN1hYcHrJSoZu5rrnrvWu/_ssgManifest.js]
[www.braflix.video/logo.png]
[www.braflix.video/search]
[image.tmdb.org/t/p/original/lLh39Th5plbrQgbQ4zyIULsd0Pp.jpg]
[image.tmdb.org/t/p/original/etL5WzGnHBwOA6Z6F2AIayT3Qdm.png]
[www.braflix.video/movie/8234646084.html]
[www.braflix.video/movie/823464.html]
[www.braflix.video/tv/2397706084.html]
[www.braflix.video/tv/239770.html]
[www.braflix.video/movie/6533466084.html]
[www.braflix.video/movie/653346.html]
[www.braflix.video/tv/859376084.html]
[www.braflix.video/tv/85937.html]
[www.braflix.video/movie/9678476084.html]
[www.braflix.video/movie/967847.html]
[www.braflix.video/movie/7995836084.html]
[www.braflix.video/movie/799583.html]
[www.braflix.video/tv/572436084.html]
[www.braflix.video/tv/57243.html]
[www.braflix.video/movie/11118736084.html]
[www.braflix.video/movie/1111873.html]
[www.braflix.video/movie/6931346084.html]
[www.braflix.video/movie/693134.html]
[www.braflix.video/movie/9407216084.html]
[www.braflix.video/movie/940721.html]
[www.braflix.video/tv/1963226084.html]
[www.braflix.video/tv/196322.html]
[www.braflix.video/tv/2506706084.html]
[www.braflix.video/tv/250670.html]
[www.braflix.video/tv/2412576084.html]
[www.braflix.video/tv/241257.html]
[www.braflix.video/movie/10932316084.html]
[www.braflix.video/movie/1093231.html]
[www.braflix.video/movie/12162216084.html]
[www.braflix.video/movie/1216221.html]
[www.braflix.video/tv/378546084.html]
[www.braflix.video/tv/37854.html]
[www.braflix.video/movie/7868926084.html]
[www.braflix.video/movie/786892.html]
[www.braflix.video/movie/617916084.html]
[www.braflix.video/movie/61791.html]
[www.braflix.video/tv/1063796084.html]
[www.braflix.video/tv/106379.html]
[www.braflix.video/movie/6397206084.html]
[www.braflix.video/movie/639720.html]
[www.braflix.video/tv/78191.html]
[www.braflix.video/tv/66732.html]
[www.braflix.video/tv/69740.html]
[www.braflix.video/tv/67026.html]
[www.braflix.video/tv/77169.html]
[www.braflix.video/tv/4194.html]
[www.braflix.video/tv/91239.html]
[www.braflix.video/tv/61222.html]
[www.braflix.video/tv/63174.html]
[www.braflix.video/tv/3796.html]
[www.braflix.video/tv/2328.html]
[www.braflix.video/tv/87247.html]
[www.braflix.video/tv/70573.html]
[www.braflix.video/tv/241259.html]
[www.braflix.video/tv/63351.html]
[www.braflix.video/tv/1425.html]
[www.braflix.video/tv/61889.html]
[www.braflix.video/tv/43901.html]
[www.braflix.video/tv/61886.html]
[www.braflix.video/tv/108545.html]
[www.braflix.video/movie/1219685.html]
[www.braflix.video/movie/1094844.html]
[www.braflix.video/movie/843527.html]
[www.braflix.video/movie/1011985.html]
[www.braflix.video/movie/920342.html]
[www.braflix.video/movie/1096197.html]
[www.braflix.video/movie/934632.html]
[www.braflix.video/movie/1057001.html]
[www.braflix.video/movie/748783.html]
[www.braflix.video/movie/1041613.html]
[www.braflix.video/movie/119450.html]
[www.braflix.video/movie/1105407.html]
[www.braflix.video/movie/976906.html]
[www.braflix.video/movie/821937.html]
[www.braflix.video/index.html]
[www.braflix.video/_next/static/css/547ff7c8c4535078.css]
[www.braflix.video/_next/static/css/c6225fb8fee84285.css]
[www.braflix.video/dmca]
[www.braflix.video/_next/static/css/e666f0f35e61dc95.css]
[www.braflix.video/_next/static/chunks/5518-63a90f553ebc45f9.js]
[www.braflix.video/_next/static/chunks/9348-8d569fbf7b797b61.js]
[www.braflix.video/_next/static/chunks/490-f33c5909db161c5b.js]
[www.braflix.video/search]
[www.braflix.video/_next/static/chunks/pages/search-b57b36880ceebd18.js]
[image.tmdb.org/t/p/w300/tMefBSflR6PGQLv7WvFPpKLZkyk.jpg]
[www.braflix.video/_next/static/chunks/2227-fdf8d004df25e83d.js]
[www.braflix.video/_next/static/chunks/946-488e8ee8cb53b7c1.js]
[www.braflix.video/movie/8234646084.html]
[www.braflix.video/movie/823464.html]
[www.braflix.video/_next/static/chunks/pages/movie/[...params]-86678e30d56b2e70.js]
[image.tmdb.org/t/p/w300/8FHthx4Vu81J4X5BTLhJYK9Gtbs.jpg]
[www.braflix.video/tv/2397706084.html]
[www.braflix.video/tv/239770.html]
[www.braflix.video/_next/static/chunks/pages/tv/[...params]-53f72951e16304dc.js]
[image.tmdb.org/t/p/w300/gKkl37BQuKTanygYQG1pyYgLVgf.jpg]
[www.braflix.video/movie/6533466084.html]
[www.braflix.video/movie/653346.html]
[image.tmdb.org/t/p/w300/xUfRZu2mi8jH6SzQEJGP6tjBuYj.jpg]
[www.braflix.video/tv/859376084.html]
[www.braflix.video/tv/85937.html]
[image.tmdb.org/t/p/w300/e1J2oNzSBdou01sUvriVuoYp0pJ.jpg]
[www.braflix.video/movie/9678476084.html]
[www.braflix.video/movie/967847.html]
[image.tmdb.org/t/p/w300/x8Od47ZMDDT3ho3IRdXNmcjHknX.jpg]
[www.braflix.video/movie/7995836084.html]
[www.braflix.video/movie/799583.html]
[image.tmdb.org/t/p/w300/4edFyasCrkH4MKs6H4mHqlrxA6b.jpg]
[www.braflix.video/tv/572436084.html]
[www.braflix.video/tv/57243.html]
[image.tmdb.org/t/p/w300/7qxG0zyt29BI0IzFDfsps62kbQi.jpg]
[www.braflix.video/movie/11118736084.html]
[www.braflix.video/movie/1111873.html]
[image.tmdb.org/t/p/w300/czembW0Rk1Ke7lCJGahbOhdCuhV.jpg]
[www.braflix.video/movie/6931346084.html]
[www.braflix.video/movie/693134.html]
[image.tmdb.org/t/p/w300/hkxxMIGaiCTmrEArK7J56JTKUlB.jpg]
[www.braflix.video/movie/9407216084.html]
[www.braflix.video/movie/940721.html]
[image.tmdb.org/t/p/w300/c6MRUtPk0nEPQ9FBD9RdRKt2rIm.jpg]
[www.braflix.video/tv/1963226084.html]
[www.braflix.video/tv/196322.html]
[image.tmdb.org/t/p/w300/poe7azEgbyew5PVlWSYpFQBjwD7.jpg]
[www.braflix.video/tv/2506706084.html]
[www.braflix.video/tv/250670.html]
[image.tmdb.org/t/p/w300/fvpYJkQaeon5kmxioIPHFmgA2v5.jpg]
[www.braflix.video/tv/2412576084.html]
[www.braflix.video/tv/241257.html]
[image.tmdb.org/t/p/w300/vdTvwykMWvVgdaViBVRh8IFTku5.jpg]
[www.braflix.video/movie/10932316084.html]
[www.braflix.video/movie/1093231.html]
[image.tmdb.org/t/p/w300/3daOEMQCOGU2n9EbUC0PICnUCek.jpg]
[www.braflix.video/movie/12162216084.html]
[www.braflix.video/movie/1216221.html]
[image.tmdb.org/t/p/w300/cMD9Ygz11zjJzAovURpO75Qg7rT.jpg]
[www.braflix.video/tv/378546084.html]
[www.braflix.video/tv/37854.html]
[image.tmdb.org/t/p/w300/iADOJ8Zymht2JPMoy3R7xceZprc.jpg]
[www.braflix.video/movie/7868926084.html]
[www.braflix.video/movie/786892.html]
[image.tmdb.org/t/p/w300/cjLsuP75UDlRdJVMXzXg3TJ4umX.jpg]
[www.braflix.video/movie/617916084.html]
[www.braflix.video/movie/61791.html]
[image.tmdb.org/t/p/w300/AnsSKR9LuK0T9bAOcPVA3PUvyWj.jpg]
[www.braflix.video/tv/1063796084.html]
[www.braflix.video/tv/106379.html]
[image.tmdb.org/t/p/w300/xbKFv4KF3sVYuWKllLlwWDmuZP7.jpg]
[www.braflix.video/movie/6397206084.html]
[www.braflix.video/movie/639720.html]
[image.tmdb.org/t/p/w300/7bEYwjUvlJW7GerM8GYmqwl4oS3.jpg]
[www.braflix.video/tv/78191.html]
[image.tmdb.org/t/p/w300/49WJfeN0moxb9IPfGn8AIqMGskD.jpg]
[www.braflix.video/tv/66732.html]
[image.tmdb.org/t/p/w300/m73bD8VjibSKuTWg597GQVyVhSb.jpg]
[www.braflix.video/tv/69740.html]
[image.tmdb.org/t/p/w300/5R125JAIh1N38pzHp2dRsBpOVNY.jpg]
[www.braflix.video/tv/67026.html]
[image.tmdb.org/t/p/w300/m7tG5E1EbywuwTsl6hq990So0Bx.jpg]
[www.braflix.video/tv/77169.html]
[image.tmdb.org/t/p/w300/e1nWfnnCVqxS2LeTO3dwGyAsG2V.jpg]
[www.braflix.video/tv/4194.html]
[image.tmdb.org/t/p/w300/luoKpgVwi1E5nQsi7W0UuKHu2Rq.jpg]
[www.braflix.video/tv/91239.html]
[image.tmdb.org/t/p/w300/pB9L0jAnEQLMKgexqCEocEW8TA.jpg]
[www.braflix.video/tv/61222.html]
[image.tmdb.org/t/p/w300/ekZobS8isE6mA53RAiGDG93hBxL.jpg]
[www.braflix.video/tv/63174.html]
[image.tmdb.org/t/p/w300/nIcIwVTYcZnW1BDzexGfFO7KmX1.jpg]
[www.braflix.video/tv/3796.html]
[image.tmdb.org/t/p/w300/qx3SJlAp2RK656TusqKx1qEqVMW.jpg]
[www.braflix.video/tv/2328.html]
[image.tmdb.org/t/p/w300/go2IfyqSK7YJ403tvugctEQgjxQ.jpg]
[www.braflix.video/tv/87247.html]
[image.tmdb.org/t/p/w300/aqQlgRgUwVTfbdxe33vfDEMiCa2.jpg]
[www.braflix.video/tv/70573.html]
[image.tmdb.org/t/p/w300/qJrby4RoCXPk3i8gdTA4PonwXwf.jpg]
[www.braflix.video/tv/241259.html]
[image.tmdb.org/t/p/w300/rTmal9fDbwh5F0waol2hq35U4ah.jpg]
[www.braflix.video/tv/63351.html]
[image.tmdb.org/t/p/w300/hKWxWjFwnMvkWQawbhvC0Y7ygQ8.jpg]
[www.braflix.video/tv/1425.html]
[image.tmdb.org/t/p/w300/QWbPaDxiB6LW2LjASknzYBvjMj.jpg]
[www.braflix.video/tv/61889.html]
[image.tmdb.org/t/p/w300/yrdt5lscyJ5j5GSbhl99x3SRN66.jpg]
[www.braflix.video/tv/43901.html]
[image.tmdb.org/t/p/w300/uHpUlyWCqXXUDY7zekQdJmf6QkP.jpg]
[www.braflix.video/tv/61886.html]
[image.tmdb.org/t/p/w300/ykZ7hlShkdRQaL2aiieXdEMmrLb.jpg]
[www.braflix.video/tv/108545.html]
[image.tmdb.org/t/p/w300/4xJd3uwtL1vCuZgEfEc8JXI9Uyx.jpg]
[www.braflix.video/movie/1219685.html]
[image.tmdb.org/t/p/w300/dJaIw8OgACelojyV6YuVsOhtTLO.jpg]
[www.braflix.video/movie/1094844.html]
[image.tmdb.org/t/p/w300/zDi2U7WYkdIoGYHcYbM9X5yReVD.jpg]
[www.braflix.video/movie/843527.html]
[image.tmdb.org/t/p/w300/kDp1vUBnMpe8ak4rjgl3cLELqjU.jpg]
[www.braflix.video/movie/1011985.html]
[image.tmdb.org/t/p/w300/nBVYp2xxx2R02n21EGlDky8CgWR.jpg]
[www.braflix.video/movie/920342.html]
[image.tmdb.org/t/p/w300/hu40Uxp9WtpL34jv3zyWLb5zEVY.jpg]
[www.braflix.video/movie/1096197.html]
[image.tmdb.org/t/p/w300/cxevDYdeFkiixRShbObdwAHBZry.jpg]
[www.braflix.video/movie/934632.html]
[image.tmdb.org/t/p/w300/ydC8ubFXQfkPJDhkduMhbE9mTz7.jpg]
[www.braflix.video/movie/1057001.html]
[image.tmdb.org/t/p/w300/zK2sFxZcelHJRPVr242rxy5VK4T.jpg]
[www.braflix.video/movie/748783.html]
[image.tmdb.org/t/p/w300/fdZpvODTX5wwkD0ikZNaClE4AoW.jpg]
[www.braflix.video/movie/1041613.html]
[image.tmdb.org/t/p/w300/kScdQEwS9jPEdnO23XjGAtaoRcT.jpg]
[www.braflix.video/movie/119450.html]
[image.tmdb.org/t/p/w300/u3aPmYOkd8GclXg8nTvKQ4w1f7L.jpg]
[www.braflix.video/movie/1105407.html]
[image.tmdb.org/t/p/w300/xtPPOPTad1qopK6uDe3VlYUa22o.jpg]
[www.braflix.video/movie/976906.html]
[image.tmdb.org/t/p/w300/8Nw5v7wPfa2FwbKyx61K2nIBcKa.jpg]
[www.braflix.video/movie/821937.html]
[www.braflix.video/_next/static/chunks/pages/dmca-ea92e339a1e94ec4.js]
[www.braflix.video/cdn-cgi/l/email-protection.html]
[www.braflix.video/dmca]
[www.braflix.video/_next/static/css/e666f0f35e61dc95.css]
[www.braflix.video/cdn-cgi/l/email-protection.html]
[www.braflix.video/cdn-cgi/scripts/5c5dd728/cloudflare-static/email-decode.min.js]
